// Jest Snapshot v1, https://goo.gl/fbAQLP

exports[`<GridImage /> should render with background 1`] = `
.c3 {
  font-size: 2.4rem;
}

.c4 {
  display: grid;
  grid-template-columns: repeat(auto-fill,minmax(280px,1fr));
  gap: 3.2rem;
}

.c5 {
  overflow: hidden;
}

.c6 {
  width: 100%;
  -webkit-transition: all 300ms ease-in-out;
  transition: all 300ms ease-in-out;
}

.c6:hover {
  -webkit-transform: scale(1.2) rotate(10deg);
  -ms-transform: scale(1.2) rotate(10deg);
  transform: scale(1.2) rotate(10deg);
}

.c1 {
  max-width: 120rem;
  margin: 0 auto;
  padding: 3.2rem;
}

.c0 {
  background-color: #FFFFFF;
  color: #0A1128;
  min-height: 100vh;
  display: -webkit-box;
  display: -webkit-flex;
  display: -ms-flexbox;
  display: flex;
  -webkit-align-items: center;
  -webkit-box-align: center;
  -ms-flex-align: center;
  align-items: center;
}

.c2 {
  color: #0A1128;
  font-size: 6.4rem;
  text-transform: uppercase;
}

@media (max-width:768px) {
  .c2 {
    font-size: 4.0rem;
  }
}

<div>
  <div
    class="c0"
  >
    <div
      class="c1"
    >
      <div
        class=""
      >
        <h2
          class="c2"
        >
          My grid
        </h2>
        <p
          class="c3"
        >
          Atque doloribus nobis laudantium esse ut, non commodi maxime distinctio veritatis unde
        </p>
        <div
          class="c4"
        >
          <div
            class="c5"
          >
            <img
              alt="Teste 1"
              class="c6"
              src="https://source.unsplash.com/random/800x800?r=1"
            />
          </div>
          <div
            class="c5"
          >
            <img
              alt="Teste 2"
              class="c6"
              src="https://source.unsplash.com/random/800x800?r=2"
            />
          </div>
          <div
            class="c5"
          >
            <img
              alt="Teste 3"
              class="c6"
              src="https://source.unsplash.com/random/800x800?r=3"
            />
          </div>
          <div
            class="c5"
          >
            <img
              alt="Teste 4"
              class="c6"
              src="https://source.unsplash.com/random/800x800?r=4"
            />
          </div>
          <div
            class="c5"
          >
            <img
              alt="Teste 5"
              class="c6"
              src="https://source.unsplash.com/random/800x800?r=5"
            />
          </div>
          <div
            class="c5"
          >
            <img
              alt="Teste 6"
              class="c6"
              src="https://source.unsplash.com/random/800x800?r=6"
            />
          </div>
        </div>
      </div>
    </div>
  </div>
</div>
`;

exports[`<GridImage /> should render without background 1`] = `
.c3 {
  font-size: 2.4rem;
}

.c4 {
  display: grid;
  grid-template-columns: repeat(auto-fill,minmax(280px,1fr));
  gap: 3.2rem;
}

.c5 {
  overflow: hidden;
}

.c6 {
  width: 100%;
  -webkit-transition: all 300ms ease-in-out;
  transition: all 300ms ease-in-out;
}

.c6:hover {
  -webkit-transform: scale(1.2) rotate(10deg);
  -ms-transform: scale(1.2) rotate(10deg);
  transform: scale(1.2) rotate(10deg);
}

.c1 {
  max-width: 120rem;
  margin: 0 auto;
  padding: 3.2rem;
}

.c0 {
  background-color: #FFFFFF;
  color: #0A1128;
  min-height: 100vh;
  display: -webkit-box;
  display: -webkit-flex;
  display: -ms-flexbox;
  display: flex;
  -webkit-align-items: center;
  -webkit-box-align: center;
  -ms-flex-align: center;
  align-items: center;
}

.c2 {
  color: #0A1128;
  font-size: 6.4rem;
  text-transform: uppercase;
}

@media (max-width:768px) {
  .c2 {
    font-size: 4.0rem;
  }
}

<div>
  <div
    class="c0"
  >
    <div
      class="c1"
    >
      <div
        class=""
      >
        <h2
          class="c2"
        >
          My grid
        </h2>
        <p
          class="c3"
        >
          Atque doloribus nobis laudantium esse ut, non commodi maxime distinctio veritatis unde
        </p>
        <div
          class="c4"
        >
          <div
            class="c5"
          >
            <img
              alt="Teste 1"
              class="c6"
              src="https://source.unsplash.com/random/800x800?r=1"
            />
          </div>
          <div
            class="c5"
          >
            <img
              alt="Teste 2"
              class="c6"
              src="https://source.unsplash.com/random/800x800?r=2"
            />
          </div>
          <div
            class="c5"
          >
            <img
              alt="Teste 3"
              class="c6"
              src="https://source.unsplash.com/random/800x800?r=3"
            />
          </div>
          <div
            class="c5"
          >
            <img
              alt="Teste 4"
              class="c6"
              src="https://source.unsplash.com/random/800x800?r=4"
            />
          </div>
          <div
            class="c5"
          >
            <img
              alt="Teste 5"
              class="c6"
              src="https://source.unsplash.com/random/800x800?r=5"
            />
          </div>
          <div
            class="c5"
          >
            <img
              alt="Teste 6"
              class="c6"
              src="https://source.unsplash.com/random/800x800?r=6"
            />
          </div>
        </div>
      </div>
    </div>
  </div>
</div>
`;
